// Jest Snapshot v1, https://goo.gl/fbAQLP

exports[`renders correctly 1`] = `
<View
  style={
    Object {
      "flex": 1,
      "marginTop": 5,
    }
  }
>
  <Text>
    Scene 1
  </Text>
</View>
`;
